[2023-04-07T13:33:35.447+0100][gc] Using G1
[2023-04-07T13:33:35.459+0100][gc,init] Version: 17.0.6+10-Debian-1 (release)
[2023-04-07T13:33:35.459+0100][gc,init] CPUs: 4 total, 4 available
[2023-04-07T13:33:35.459+0100][gc,init] Memory: 7718M
[2023-04-07T13:33:35.459+0100][gc,init] Large Page Support: Disabled
[2023-04-07T13:33:35.459+0100][gc,init] NUMA Support: Disabled
[2023-04-07T13:33:35.459+0100][gc,init] Compressed Oops: Enabled (32-bit)
[2023-04-07T13:33:35.459+0100][gc,init] Heap Region Size: 1M
[2023-04-07T13:33:35.459+0100][gc,init] Heap Min Capacity: 1G
[2023-04-07T13:33:35.459+0100][gc,init] Heap Initial Capacity: 1G
[2023-04-07T13:33:35.459+0100][gc,init] Heap Max Capacity: 1G
[2023-04-07T13:33:35.459+0100][gc,init] Pre-touch: Disabled
[2023-04-07T13:33:35.459+0100][gc,init] Parallel Workers: 4
[2023-04-07T13:33:35.459+0100][gc,init] Concurrent Workers: 1
[2023-04-07T13:33:35.459+0100][gc,init] Concurrent Refinement Workers: 4
[2023-04-07T13:33:35.459+0100][gc,init] Periodic GC: Disabled
[2023-04-07T13:33:35.459+0100][gc,metaspace] CDS archive(s) mapped at: [0x0000000800000000-0x0000000800be3000-0x0000000800be3000), size 12464128, SharedBaseAddress: 0x0000000800000000, ArchiveRelocationMode: 0.
[2023-04-07T13:33:35.459+0100][gc,metaspace] Compressed class space mapped at: 0x0000000800c00000-0x0000000840c00000, reserved size: 1073741824
[2023-04-07T13:33:35.459+0100][gc,metaspace] Narrow klass base: 0x0000000800000000, Narrow klass shift: 0, Narrow klass range: 0x100000000
[2023-04-07T13:33:36.471+0100][gc,start    ] GC(0) Pause Young (Normal) (G1 Evacuation Pause)
[2023-04-07T13:33:36.472+0100][gc,task     ] GC(0) Using 4 workers of 4 for evacuation
[2023-04-07T13:33:36.479+0100][gc,phases   ] GC(0)   Pre Evacuate Collection Set: 0.2ms
[2023-04-07T13:33:36.479+0100][gc,phases   ] GC(0)   Merge Heap Roots: 0.1ms
[2023-04-07T13:33:36.479+0100][gc,phases   ] GC(0)   Evacuate Collection Set: 6.1ms
[2023-04-07T13:33:36.479+0100][gc,phases   ] GC(0)   Post Evacuate Collection Set: 0.5ms
[2023-04-07T13:33:36.479+0100][gc,phases   ] GC(0)   Other: 0.4ms
[2023-04-07T13:33:36.479+0100][gc,heap     ] GC(0) Eden regions: 51->0(44)
[2023-04-07T13:33:36.479+0100][gc,heap     ] GC(0) Survivor regions: 0->7(7)
[2023-04-07T13:33:36.479+0100][gc,heap     ] GC(0) Old regions: 0->1
[2023-04-07T13:33:36.479+0100][gc,heap     ] GC(0) Archive regions: 2->2
[2023-04-07T13:33:36.479+0100][gc,heap     ] GC(0) Humongous regions: 0->0
[2023-04-07T13:33:36.479+0100][gc,metaspace] GC(0) Metaspace: 18827K(18944K)->18827K(18944K) NonClass: 16578K(16640K)->16578K(16640K) Class: 2248K(2304K)->2248K(2304K)
[2023-04-07T13:33:36.479+0100][gc          ] GC(0) Pause Young (Normal) (G1 Evacuation Pause) 51M->8M(1024M) 7.394ms
[2023-04-07T13:33:36.479+0100][gc,cpu      ] GC(0) User=0.03s Sys=0.00s Real=0.01s
[2023-04-07T13:33:36.674+0100][gc,start    ] GC(1) Pause Young (Concurrent Start) (Metadata GC Threshold)
[2023-04-07T13:33:36.674+0100][gc,task     ] GC(1) Using 4 workers of 4 for evacuation
[2023-04-07T13:33:36.681+0100][gc,phases   ] GC(1)   Pre Evacuate Collection Set: 0.1ms
[2023-04-07T13:33:36.681+0100][gc,phases   ] GC(1)   Merge Heap Roots: 0.1ms
[2023-04-07T13:33:36.681+0100][gc,phases   ] GC(1)   Evacuate Collection Set: 6.8ms
[2023-04-07T13:33:36.681+0100][gc,phases   ] GC(1)   Post Evacuate Collection Set: 0.5ms
[2023-04-07T13:33:36.681+0100][gc,phases   ] GC(1)   Other: 0.2ms
[2023-04-07T13:33:36.681+0100][gc,heap     ] GC(1) Eden regions: 12->0(49)
[2023-04-07T13:33:36.681+0100][gc,heap     ] GC(1) Survivor regions: 7->2(7)
[2023-04-07T13:33:36.681+0100][gc,heap     ] GC(1) Old regions: 1->8
[2023-04-07T13:33:36.681+0100][gc,heap     ] GC(1) Archive regions: 2->2
[2023-04-07T13:33:36.681+0100][gc,heap     ] GC(1) Humongous regions: 129->129
[2023-04-07T13:33:36.681+0100][gc,metaspace] GC(1) Metaspace: 21252K(21504K)->21252K(21504K) NonClass: 18701K(18816K)->18701K(18816K) Class: 2550K(2688K)->2550K(2688K)
[2023-04-07T13:33:36.681+0100][gc          ] GC(1) Pause Young (Concurrent Start) (Metadata GC Threshold) 148M->138M(1024M) 7.729ms
[2023-04-07T13:33:36.681+0100][gc,cpu      ] GC(1) User=0.02s Sys=0.00s Real=0.01s
[2023-04-07T13:33:36.681+0100][gc          ] GC(2) Concurrent Mark Cycle
[2023-04-07T13:33:36.681+0100][gc,marking  ] GC(2) Concurrent Clear Claimed Marks
[2023-04-07T13:33:36.681+0100][gc,marking  ] GC(2) Concurrent Clear Claimed Marks 0.017ms
[2023-04-07T13:33:36.681+0100][gc,marking  ] GC(2) Concurrent Scan Root Regions
[2023-04-07T13:33:36.685+0100][gc,marking  ] GC(2) Concurrent Scan Root Regions 3.121ms
[2023-04-07T13:33:36.685+0100][gc,marking  ] GC(2) Concurrent Mark
[2023-04-07T13:33:36.685+0100][gc,marking  ] GC(2) Concurrent Mark From Roots
[2023-04-07T13:33:36.685+0100][gc,task     ] GC(2) Using 1 workers of 1 for marking
[2023-04-07T13:33:36.687+0100][gc,marking  ] GC(2) Concurrent Mark From Roots 2.130ms
[2023-04-07T13:33:36.687+0100][gc,marking  ] GC(2) Concurrent Preclean
[2023-04-07T13:33:36.687+0100][gc,marking  ] GC(2) Concurrent Preclean 0.048ms
[2023-04-07T13:33:36.687+0100][gc,start    ] GC(2) Pause Remark
[2023-04-07T13:33:36.688+0100][gc          ] GC(2) Pause Remark 139M->139M(1024M) 1.408ms
[2023-04-07T13:33:36.688+0100][gc,cpu      ] GC(2) User=0.00s Sys=0.00s Real=0.00s
[2023-04-07T13:33:36.688+0100][gc,marking  ] GC(2) Concurrent Mark 3.821ms
[2023-04-07T13:33:36.688+0100][gc,marking  ] GC(2) Concurrent Rebuild Remembered Sets
[2023-04-07T13:33:36.692+0100][gc,marking  ] GC(2) Concurrent Rebuild Remembered Sets 3.895ms
[2023-04-07T13:33:36.693+0100][gc,start    ] GC(2) Pause Cleanup
[2023-04-07T13:33:36.693+0100][gc          ] GC(2) Pause Cleanup 139M->139M(1024M) 0.145ms
[2023-04-07T13:33:36.693+0100][gc,cpu      ] GC(2) User=0.00s Sys=0.00s Real=0.00s
[2023-04-07T13:33:36.693+0100][gc,marking  ] GC(2) Concurrent Cleanup for Next Mark
[2023-04-07T13:33:36.701+0100][gc,marking  ] GC(2) Concurrent Cleanup for Next Mark 7.752ms
[2023-04-07T13:33:36.701+0100][gc          ] GC(2) Concurrent Mark Cycle 19.642ms
[2023-04-07T13:33:37.286+0100][gc,start    ] GC(3) Pause Young (Normal) (G1 Evacuation Pause)
[2023-04-07T13:33:37.286+0100][gc,task     ] GC(3) Using 4 workers of 4 for evacuation
[2023-04-07T13:33:37.290+0100][gc,phases   ] GC(3)   Pre Evacuate Collection Set: 0.1ms
[2023-04-07T13:33:37.290+0100][gc,phases   ] GC(3)   Merge Heap Roots: 0.1ms
[2023-04-07T13:33:37.290+0100][gc,phases   ] GC(3)   Evacuate Collection Set: 3.5ms
[2023-04-07T13:33:37.290+0100][gc,phases   ] GC(3)   Post Evacuate Collection Set: 0.4ms
[2023-04-07T13:33:37.290+0100][gc,phases   ] GC(3)   Other: 0.1ms
[2023-04-07T13:33:37.290+0100][gc,heap     ] GC(3) Eden regions: 49->0(45)
[2023-04-07T13:33:37.290+0100][gc,heap     ] GC(3) Survivor regions: 2->6(7)
[2023-04-07T13:33:37.290+0100][gc,heap     ] GC(3) Old regions: 8->8
[2023-04-07T13:33:37.290+0100][gc,heap     ] GC(3) Archive regions: 2->2
[2023-04-07T13:33:37.290+0100][gc,heap     ] GC(3) Humongous regions: 129->129
[2023-04-07T13:33:37.290+0100][gc,metaspace] GC(3) Metaspace: 32953K(33280K)->32953K(33280K) NonClass: 29244K(29440K)->29244K(29440K) Class: 3709K(3840K)->3709K(3840K)
[2023-04-07T13:33:37.290+0100][gc          ] GC(3) Pause Young (Normal) (G1 Evacuation Pause) 187M->142M(1024M) 4.271ms
[2023-04-07T13:33:37.290+0100][gc,cpu      ] GC(3) User=0.02s Sys=0.00s Real=0.00s
[2023-04-07T13:54:31.171+0100][gc,heap,exit] Heap
[2023-04-07T13:54:31.172+0100][gc,heap,exit]  garbage-first heap   total 1048576K, used 169964K [0x00000000c0000000, 0x0000000100000000)
[2023-04-07T13:54:31.172+0100][gc,heap,exit]   region size 1024K, 30 young (30720K), 6 survivors (6144K)
[2023-04-07T13:54:31.172+0100][gc,heap,exit]  Metaspace       used 35309K, committed 35648K, reserved 1081344K
[2023-04-07T13:54:31.172+0100][gc,heap,exit]   class space    used 4058K, committed 4224K, reserved 1048576K
