[2023-04-12T16:21:05.049+0100][gc] Using G1
[2023-04-12T16:21:05.059+0100][gc,init] Version: 17.0.6+10-Debian-1 (release)
[2023-04-12T16:21:05.059+0100][gc,init] CPUs: 4 total, 4 available
[2023-04-12T16:21:05.059+0100][gc,init] Memory: 7718M
[2023-04-12T16:21:05.059+0100][gc,init] Large Page Support: Disabled
[2023-04-12T16:21:05.059+0100][gc,init] NUMA Support: Disabled
[2023-04-12T16:21:05.059+0100][gc,init] Compressed Oops: Enabled (32-bit)
[2023-04-12T16:21:05.059+0100][gc,init] Heap Region Size: 1M
[2023-04-12T16:21:05.059+0100][gc,init] Heap Min Capacity: 1G
[2023-04-12T16:21:05.059+0100][gc,init] Heap Initial Capacity: 1G
[2023-04-12T16:21:05.059+0100][gc,init] Heap Max Capacity: 1G
[2023-04-12T16:21:05.059+0100][gc,init] Pre-touch: Disabled
[2023-04-12T16:21:05.059+0100][gc,init] Parallel Workers: 4
[2023-04-12T16:21:05.059+0100][gc,init] Concurrent Workers: 1
[2023-04-12T16:21:05.059+0100][gc,init] Concurrent Refinement Workers: 4
[2023-04-12T16:21:05.059+0100][gc,init] Periodic GC: Disabled
[2023-04-12T16:21:05.059+0100][gc,metaspace] CDS archive(s) mapped at: [0x0000000800000000-0x0000000800be3000-0x0000000800be3000), size 12464128, SharedBaseAddress: 0x0000000800000000, ArchiveRelocationMode: 0.
[2023-04-12T16:21:05.059+0100][gc,metaspace] Compressed class space mapped at: 0x0000000800c00000-0x0000000840c00000, reserved size: 1073741824
[2023-04-12T16:21:05.059+0100][gc,metaspace] Narrow klass base: 0x0000000800000000, Narrow klass shift: 0, Narrow klass range: 0x100000000
[2023-04-12T16:21:06.068+0100][gc,start    ] GC(0) Pause Young (Normal) (G1 Evacuation Pause)
[2023-04-12T16:21:06.068+0100][gc,task     ] GC(0) Using 4 workers of 4 for evacuation
[2023-04-12T16:21:06.076+0100][gc,phases   ] GC(0)   Pre Evacuate Collection Set: 0.2ms
[2023-04-12T16:21:06.076+0100][gc,phases   ] GC(0)   Merge Heap Roots: 0.1ms
[2023-04-12T16:21:06.076+0100][gc,phases   ] GC(0)   Evacuate Collection Set: 7.3ms
[2023-04-12T16:21:06.076+0100][gc,phases   ] GC(0)   Post Evacuate Collection Set: 0.5ms
[2023-04-12T16:21:06.076+0100][gc,phases   ] GC(0)   Other: 0.5ms
[2023-04-12T16:21:06.076+0100][gc,heap     ] GC(0) Eden regions: 51->0(44)
[2023-04-12T16:21:06.076+0100][gc,heap     ] GC(0) Survivor regions: 0->7(7)
[2023-04-12T16:21:06.076+0100][gc,heap     ] GC(0) Old regions: 0->1
[2023-04-12T16:21:06.076+0100][gc,heap     ] GC(0) Archive regions: 2->2
[2023-04-12T16:21:06.076+0100][gc,heap     ] GC(0) Humongous regions: 0->0
[2023-04-12T16:21:06.076+0100][gc,metaspace] GC(0) Metaspace: 18820K(18944K)->18820K(18944K) NonClass: 16573K(16640K)->16573K(16640K) Class: 2247K(2304K)->2247K(2304K)
[2023-04-12T16:21:06.076+0100][gc          ] GC(0) Pause Young (Normal) (G1 Evacuation Pause) 51M->8M(1024M) 8.684ms
[2023-04-12T16:21:06.076+0100][gc,cpu      ] GC(0) User=0.01s Sys=0.02s Real=0.00s
[2023-04-12T16:21:06.300+0100][gc,start    ] GC(1) Pause Young (Concurrent Start) (Metadata GC Threshold)
[2023-04-12T16:21:06.300+0100][gc,task     ] GC(1) Using 4 workers of 4 for evacuation
[2023-04-12T16:21:06.306+0100][gc,phases   ] GC(1)   Pre Evacuate Collection Set: 0.2ms
[2023-04-12T16:21:06.306+0100][gc,phases   ] GC(1)   Merge Heap Roots: 0.0ms
[2023-04-12T16:21:06.306+0100][gc,phases   ] GC(1)   Evacuate Collection Set: 5.6ms
[2023-04-12T16:21:06.306+0100][gc,phases   ] GC(1)   Post Evacuate Collection Set: 0.3ms
[2023-04-12T16:21:06.306+0100][gc,phases   ] GC(1)   Other: 0.2ms
[2023-04-12T16:21:06.306+0100][gc,heap     ] GC(1) Eden regions: 11->0(49)
[2023-04-12T16:21:06.306+0100][gc,heap     ] GC(1) Survivor regions: 7->2(7)
[2023-04-12T16:21:06.306+0100][gc,heap     ] GC(1) Old regions: 1->8
[2023-04-12T16:21:06.306+0100][gc,heap     ] GC(1) Archive regions: 2->2
[2023-04-12T16:21:06.306+0100][gc,heap     ] GC(1) Humongous regions: 129->129
[2023-04-12T16:21:06.306+0100][gc,metaspace] GC(1) Metaspace: 21311K(21504K)->21311K(21504K) NonClass: 18751K(18816K)->18751K(18816K) Class: 2560K(2688K)->2560K(2688K)
[2023-04-12T16:21:06.306+0100][gc          ] GC(1) Pause Young (Concurrent Start) (Metadata GC Threshold) 148M->138M(1024M) 6.370ms
[2023-04-12T16:21:06.306+0100][gc,cpu      ] GC(1) User=0.02s Sys=0.00s Real=0.00s
[2023-04-12T16:21:06.306+0100][gc          ] GC(2) Concurrent Mark Cycle
[2023-04-12T16:21:06.306+0100][gc,marking  ] GC(2) Concurrent Clear Claimed Marks
[2023-04-12T16:21:06.306+0100][gc,marking  ] GC(2) Concurrent Clear Claimed Marks 0.015ms
[2023-04-12T16:21:06.306+0100][gc,marking  ] GC(2) Concurrent Scan Root Regions
[2023-04-12T16:21:06.313+0100][gc,marking  ] GC(2) Concurrent Scan Root Regions 6.217ms
[2023-04-12T16:21:06.313+0100][gc,marking  ] GC(2) Concurrent Mark
[2023-04-12T16:21:06.313+0100][gc,marking  ] GC(2) Concurrent Mark From Roots
[2023-04-12T16:21:06.313+0100][gc,task     ] GC(2) Using 1 workers of 1 for marking
[2023-04-12T16:21:06.316+0100][gc,marking  ] GC(2) Concurrent Mark From Roots 3.684ms
[2023-04-12T16:21:06.316+0100][gc,marking  ] GC(2) Concurrent Preclean
[2023-04-12T16:21:06.316+0100][gc,marking  ] GC(2) Concurrent Preclean 0.088ms
[2023-04-12T16:21:06.318+0100][gc,start    ] GC(2) Pause Remark
[2023-04-12T16:21:06.320+0100][gc          ] GC(2) Pause Remark 139M->139M(1024M) 1.547ms
[2023-04-12T16:21:06.320+0100][gc,cpu      ] GC(2) User=0.00s Sys=0.00s Real=0.01s
[2023-04-12T16:21:06.320+0100][gc,marking  ] GC(2) Concurrent Mark 7.257ms
[2023-04-12T16:21:06.320+0100][gc,marking  ] GC(2) Concurrent Rebuild Remembered Sets
[2023-04-12T16:21:06.328+0100][gc,marking  ] GC(2) Concurrent Rebuild Remembered Sets 7.785ms
[2023-04-12T16:21:06.328+0100][gc,start    ] GC(2) Pause Cleanup
[2023-04-12T16:21:06.329+0100][gc          ] GC(2) Pause Cleanup 139M->139M(1024M) 0.364ms
[2023-04-12T16:21:06.329+0100][gc,cpu      ] GC(2) User=0.00s Sys=0.00s Real=0.00s
[2023-04-12T16:21:06.329+0100][gc,marking  ] GC(2) Concurrent Cleanup for Next Mark
[2023-04-12T16:21:06.339+0100][gc,marking  ] GC(2) Concurrent Cleanup for Next Mark 10.008ms
[2023-04-12T16:21:06.339+0100][gc          ] GC(2) Concurrent Mark Cycle 32.773ms
[2023-04-12T16:21:07.036+0100][gc,start    ] GC(3) Pause Young (Normal) (G1 Evacuation Pause)
[2023-04-12T16:21:07.036+0100][gc,task     ] GC(3) Using 4 workers of 4 for evacuation
[2023-04-12T16:21:07.049+0100][gc,phases   ] GC(3)   Pre Evacuate Collection Set: 0.3ms
[2023-04-12T16:21:07.049+0100][gc,phases   ] GC(3)   Merge Heap Roots: 0.1ms
[2023-04-12T16:21:07.049+0100][gc,phases   ] GC(3)   Evacuate Collection Set: 11.0ms
[2023-04-12T16:21:07.049+0100][gc,phases   ] GC(3)   Post Evacuate Collection Set: 1.1ms
[2023-04-12T16:21:07.049+0100][gc,phases   ] GC(3)   Other: 0.2ms
[2023-04-12T16:21:07.049+0100][gc,heap     ] GC(3) Eden regions: 49->0(45)
[2023-04-12T16:21:07.049+0100][gc,heap     ] GC(3) Survivor regions: 2->6(7)
[2023-04-12T16:21:07.049+0100][gc,heap     ] GC(3) Old regions: 8->8
[2023-04-12T16:21:07.049+0100][gc,heap     ] GC(3) Archive regions: 2->2
[2023-04-12T16:21:07.049+0100][gc,heap     ] GC(3) Humongous regions: 129->129
[2023-04-12T16:21:07.049+0100][gc,metaspace] GC(3) Metaspace: 32798K(33024K)->32798K(33024K) NonClass: 29121K(29248K)->29121K(29248K) Class: 3676K(3776K)->3676K(3776K)
[2023-04-12T16:21:07.049+0100][gc          ] GC(3) Pause Young (Normal) (G1 Evacuation Pause) 187M->142M(1024M) 12.633ms
[2023-04-12T16:21:07.049+0100][gc,cpu      ] GC(3) User=0.03s Sys=0.00s Real=0.02s
