[2023-04-13T12:39:08.355+0100][gc] Using G1
[2023-04-13T12:39:08.367+0100][gc,init] Version: 17.0.6+10-Debian-1 (release)
[2023-04-13T12:39:08.367+0100][gc,init] CPUs: 4 total, 4 available
[2023-04-13T12:39:08.367+0100][gc,init] Memory: 7720M
[2023-04-13T12:39:08.367+0100][gc,init] Large Page Support: Disabled
[2023-04-13T12:39:08.367+0100][gc,init] NUMA Support: Disabled
[2023-04-13T12:39:08.367+0100][gc,init] Compressed Oops: Enabled (32-bit)
[2023-04-13T12:39:08.367+0100][gc,init] Heap Region Size: 1M
[2023-04-13T12:39:08.367+0100][gc,init] Heap Min Capacity: 1G
[2023-04-13T12:39:08.367+0100][gc,init] Heap Initial Capacity: 1G
[2023-04-13T12:39:08.367+0100][gc,init] Heap Max Capacity: 1G
[2023-04-13T12:39:08.367+0100][gc,init] Pre-touch: Disabled
[2023-04-13T12:39:08.367+0100][gc,init] Parallel Workers: 4
[2023-04-13T12:39:08.367+0100][gc,init] Concurrent Workers: 1
[2023-04-13T12:39:08.367+0100][gc,init] Concurrent Refinement Workers: 4
[2023-04-13T12:39:08.367+0100][gc,init] Periodic GC: Disabled
[2023-04-13T12:39:08.367+0100][gc,metaspace] CDS archive(s) mapped at: [0x0000000800000000-0x0000000800be3000-0x0000000800be3000), size 12464128, SharedBaseAddress: 0x0000000800000000, ArchiveRelocationMode: 0.
[2023-04-13T12:39:08.367+0100][gc,metaspace] Compressed class space mapped at: 0x0000000800c00000-0x0000000840c00000, reserved size: 1073741824
[2023-04-13T12:39:08.367+0100][gc,metaspace] Narrow klass base: 0x0000000800000000, Narrow klass shift: 0, Narrow klass range: 0x100000000
[2023-04-13T12:39:09.395+0100][gc,start    ] GC(0) Pause Young (Normal) (G1 Evacuation Pause)
[2023-04-13T12:39:09.395+0100][gc,task     ] GC(0) Using 4 workers of 4 for evacuation
[2023-04-13T12:39:09.402+0100][gc,phases   ] GC(0)   Pre Evacuate Collection Set: 0.1ms
[2023-04-13T12:39:09.402+0100][gc,phases   ] GC(0)   Merge Heap Roots: 0.1ms
[2023-04-13T12:39:09.402+0100][gc,phases   ] GC(0)   Evacuate Collection Set: 6.7ms
[2023-04-13T12:39:09.402+0100][gc,phases   ] GC(0)   Post Evacuate Collection Set: 0.4ms
[2023-04-13T12:39:09.402+0100][gc,phases   ] GC(0)   Other: 0.6ms
[2023-04-13T12:39:09.402+0100][gc,heap     ] GC(0) Eden regions: 51->0(44)
[2023-04-13T12:39:09.402+0100][gc,heap     ] GC(0) Survivor regions: 0->7(7)
[2023-04-13T12:39:09.402+0100][gc,heap     ] GC(0) Old regions: 0->1
[2023-04-13T12:39:09.402+0100][gc,heap     ] GC(0) Archive regions: 2->2
[2023-04-13T12:39:09.403+0100][gc,heap     ] GC(0) Humongous regions: 0->0
[2023-04-13T12:39:09.403+0100][gc,metaspace] GC(0) Metaspace: 18795K(18944K)->18795K(18944K) NonClass: 16552K(16640K)->16552K(16640K) Class: 2243K(2304K)->2243K(2304K)
[2023-04-13T12:39:09.403+0100][gc          ] GC(0) Pause Young (Normal) (G1 Evacuation Pause) 51M->8M(1024M) 7.993ms
[2023-04-13T12:39:09.403+0100][gc,cpu      ] GC(0) User=0.00s Sys=0.02s Real=0.01s
[2023-04-13T12:39:09.630+0100][gc,start    ] GC(1) Pause Young (Concurrent Start) (Metadata GC Threshold)
[2023-04-13T12:39:09.630+0100][gc,task     ] GC(1) Using 4 workers of 4 for evacuation
[2023-04-13T12:39:09.640+0100][gc,phases   ] GC(1)   Pre Evacuate Collection Set: 0.2ms
[2023-04-13T12:39:09.640+0100][gc,phases   ] GC(1)   Merge Heap Roots: 0.1ms
[2023-04-13T12:39:09.640+0100][gc,phases   ] GC(1)   Evacuate Collection Set: 7.6ms
[2023-04-13T12:39:09.640+0100][gc,phases   ] GC(1)   Post Evacuate Collection Set: 1.2ms
[2023-04-13T12:39:09.640+0100][gc,phases   ] GC(1)   Other: 0.3ms
[2023-04-13T12:39:09.640+0100][gc,heap     ] GC(1) Eden regions: 11->0(49)
[2023-04-13T12:39:09.640+0100][gc,heap     ] GC(1) Survivor regions: 7->2(7)
[2023-04-13T12:39:09.640+0100][gc,heap     ] GC(1) Old regions: 1->8
[2023-04-13T12:39:09.640+0100][gc,heap     ] GC(1) Archive regions: 2->2
[2023-04-13T12:39:09.640+0100][gc,heap     ] GC(1) Humongous regions: 129->129
[2023-04-13T12:39:09.640+0100][gc,metaspace] GC(1) Metaspace: 21292K(21504K)->21292K(21504K) NonClass: 18733K(18816K)->18733K(18816K) Class: 2559K(2688K)->2559K(2688K)
[2023-04-13T12:39:09.640+0100][gc          ] GC(1) Pause Young (Concurrent Start) (Metadata GC Threshold) 148M->138M(1024M) 9.526ms
[2023-04-13T12:39:09.640+0100][gc,cpu      ] GC(1) User=0.02s Sys=0.00s Real=0.01s
[2023-04-13T12:39:09.640+0100][gc          ] GC(2) Concurrent Mark Cycle
[2023-04-13T12:39:09.640+0100][gc,marking  ] GC(2) Concurrent Clear Claimed Marks
[2023-04-13T12:39:09.640+0100][gc,marking  ] GC(2) Concurrent Clear Claimed Marks 0.032ms
[2023-04-13T12:39:09.640+0100][gc,marking  ] GC(2) Concurrent Scan Root Regions
[2023-04-13T12:39:09.644+0100][gc,marking  ] GC(2) Concurrent Scan Root Regions 4.182ms
[2023-04-13T12:39:09.644+0100][gc,marking  ] GC(2) Concurrent Mark
[2023-04-13T12:39:09.644+0100][gc,marking  ] GC(2) Concurrent Mark From Roots
[2023-04-13T12:39:09.644+0100][gc,task     ] GC(2) Using 1 workers of 1 for marking
[2023-04-13T12:39:09.647+0100][gc,marking  ] GC(2) Concurrent Mark From Roots 2.893ms
[2023-04-13T12:39:09.647+0100][gc,marking  ] GC(2) Concurrent Preclean
[2023-04-13T12:39:09.647+0100][gc,marking  ] GC(2) Concurrent Preclean 0.060ms
[2023-04-13T12:39:09.647+0100][gc,start    ] GC(2) Pause Remark
[2023-04-13T12:39:09.651+0100][gc          ] GC(2) Pause Remark 139M->139M(1024M) 3.671ms
[2023-04-13T12:39:09.651+0100][gc,cpu      ] GC(2) User=0.00s Sys=0.00s Real=0.00s
[2023-04-13T12:39:09.651+0100][gc,marking  ] GC(2) Concurrent Mark 6.865ms
[2023-04-13T12:39:09.651+0100][gc,marking  ] GC(2) Concurrent Rebuild Remembered Sets
[2023-04-13T12:39:09.655+0100][gc,marking  ] GC(2) Concurrent Rebuild Remembered Sets 3.616ms
[2023-04-13T12:39:09.655+0100][gc,start    ] GC(2) Pause Cleanup
[2023-04-13T12:39:09.655+0100][gc          ] GC(2) Pause Cleanup 139M->139M(1024M) 0.179ms
[2023-04-13T12:39:09.655+0100][gc,cpu      ] GC(2) User=0.00s Sys=0.00s Real=0.00s
[2023-04-13T12:39:09.655+0100][gc,marking  ] GC(2) Concurrent Cleanup for Next Mark
[2023-04-13T12:39:09.660+0100][gc,marking  ] GC(2) Concurrent Cleanup for Next Mark 4.227ms
[2023-04-13T12:39:09.660+0100][gc          ] GC(2) Concurrent Mark Cycle 19.886ms
[2023-04-13T12:39:10.426+0100][gc,start    ] GC(3) Pause Young (Normal) (G1 Evacuation Pause)
[2023-04-13T12:39:10.426+0100][gc,task     ] GC(3) Using 4 workers of 4 for evacuation
[2023-04-13T12:39:10.438+0100][gc,phases   ] GC(3)   Pre Evacuate Collection Set: 0.3ms
[2023-04-13T12:39:10.438+0100][gc,phases   ] GC(3)   Merge Heap Roots: 0.1ms
[2023-04-13T12:39:10.438+0100][gc,phases   ] GC(3)   Evacuate Collection Set: 10.5ms
[2023-04-13T12:39:10.438+0100][gc,phases   ] GC(3)   Post Evacuate Collection Set: 1.0ms
[2023-04-13T12:39:10.438+0100][gc,phases   ] GC(3)   Other: 0.2ms
[2023-04-13T12:39:10.438+0100][gc,heap     ] GC(3) Eden regions: 49->0(45)
[2023-04-13T12:39:10.438+0100][gc,heap     ] GC(3) Survivor regions: 2->6(7)
[2023-04-13T12:39:10.438+0100][gc,heap     ] GC(3) Old regions: 8->8
[2023-04-13T12:39:10.438+0100][gc,heap     ] GC(3) Archive regions: 2->2
[2023-04-13T12:39:10.438+0100][gc,heap     ] GC(3) Humongous regions: 129->129
[2023-04-13T12:39:10.438+0100][gc,metaspace] GC(3) Metaspace: 32772K(33024K)->32772K(33024K) NonClass: 29100K(29248K)->29100K(29248K) Class: 3672K(3776K)->3672K(3776K)
[2023-04-13T12:39:10.438+0100][gc          ] GC(3) Pause Young (Normal) (G1 Evacuation Pause) 187M->142M(1024M) 12.054ms
[2023-04-13T12:39:10.438+0100][gc,cpu      ] GC(3) User=0.02s Sys=0.00s Real=0.01s
[2023-04-13T12:58:00.699+0100][gc,start    ] GC(4) Pause Young (Concurrent Start) (Metadata GC Threshold)
[2023-04-13T12:58:00.699+0100][gc,task     ] GC(4) Using 4 workers of 4 for evacuation
[2023-04-13T12:58:00.705+0100][gc,phases   ] GC(4)   Pre Evacuate Collection Set: 0.1ms
[2023-04-13T12:58:00.705+0100][gc,phases   ] GC(4)   Merge Heap Roots: 0.1ms
[2023-04-13T12:58:00.705+0100][gc,phases   ] GC(4)   Evacuate Collection Set: 5.2ms
[2023-04-13T12:58:00.705+0100][gc,phases   ] GC(4)   Post Evacuate Collection Set: 0.4ms
[2023-04-13T12:58:00.705+0100][gc,phases   ] GC(4)   Other: 0.1ms
[2023-04-13T12:58:00.705+0100][gc,heap     ] GC(4) Eden regions: 23->0(49)
[2023-04-13T12:58:00.705+0100][gc,heap     ] GC(4) Survivor regions: 6->2(7)
[2023-04-13T12:58:00.705+0100][gc,heap     ] GC(4) Old regions: 8->13
[2023-04-13T12:58:00.705+0100][gc,heap     ] GC(4) Archive regions: 2->2
[2023-04-13T12:58:00.705+0100][gc,heap     ] GC(4) Humongous regions: 129->129
[2023-04-13T12:58:00.705+0100][gc,metaspace] GC(4) Metaspace: 35798K(36096K)->35798K(36096K) NonClass: 31609K(31808K)->31609K(31808K) Class: 4189K(4288K)->4189K(4288K)
[2023-04-13T12:58:00.705+0100][gc          ] GC(4) Pause Young (Concurrent Start) (Metadata GC Threshold) 165M->143M(1024M) 5.999ms
[2023-04-13T12:58:00.705+0100][gc,cpu      ] GC(4) User=0.02s Sys=0.00s Real=0.01s
[2023-04-13T12:58:00.705+0100][gc          ] GC(5) Concurrent Mark Cycle
[2023-04-13T12:58:00.705+0100][gc,marking  ] GC(5) Concurrent Clear Claimed Marks
[2023-04-13T12:58:00.705+0100][gc,marking  ] GC(5) Concurrent Clear Claimed Marks 0.024ms
[2023-04-13T12:58:00.705+0100][gc,marking  ] GC(5) Concurrent Scan Root Regions
[2023-04-13T12:58:00.709+0100][gc,marking  ] GC(5) Concurrent Scan Root Regions 3.750ms
[2023-04-13T12:58:00.709+0100][gc,marking  ] GC(5) Concurrent Mark
[2023-04-13T12:58:00.709+0100][gc,marking  ] GC(5) Concurrent Mark From Roots
[2023-04-13T12:58:00.709+0100][gc,task     ] GC(5) Using 1 workers of 1 for marking
[2023-04-13T12:58:00.718+0100][gc,marking  ] GC(5) Concurrent Mark From Roots 8.917ms
[2023-04-13T12:58:00.718+0100][gc,marking  ] GC(5) Concurrent Preclean
[2023-04-13T12:58:00.718+0100][gc,marking  ] GC(5) Concurrent Preclean 0.284ms
[2023-04-13T12:58:00.718+0100][gc,start    ] GC(5) Pause Remark
[2023-04-13T12:58:00.722+0100][gc          ] GC(5) Pause Remark 145M->145M(1024M) 3.371ms
[2023-04-13T12:58:00.722+0100][gc,cpu      ] GC(5) User=0.01s Sys=0.00s Real=0.01s
[2023-04-13T12:58:00.722+0100][gc,marking  ] GC(5) Concurrent Mark 12.975ms
[2023-04-13T12:58:00.722+0100][gc,marking  ] GC(5) Concurrent Rebuild Remembered Sets
[2023-04-13T12:58:00.730+0100][gc,marking  ] GC(5) Concurrent Rebuild Remembered Sets 7.850ms
[2023-04-13T12:58:00.730+0100][gc,start    ] GC(5) Pause Cleanup
[2023-04-13T12:58:00.730+0100][gc          ] GC(5) Pause Cleanup 146M->146M(1024M) 0.176ms
[2023-04-13T12:58:00.730+0100][gc,cpu      ] GC(5) User=0.00s Sys=0.00s Real=0.00s
[2023-04-13T12:58:00.730+0100][gc,marking  ] GC(5) Concurrent Cleanup for Next Mark
[2023-04-13T12:58:00.735+0100][gc,marking  ] GC(5) Concurrent Cleanup for Next Mark 4.467ms
[2023-04-13T12:58:00.735+0100][gc          ] GC(5) Concurrent Mark Cycle 29.697ms
[2023-04-13T13:49:32.711+0100][gc,start    ] GC(6) Pause Young (Normal) (G1 Evacuation Pause)
[2023-04-13T13:49:32.711+0100][gc,task     ] GC(6) Using 4 workers of 4 for evacuation
[2023-04-13T13:49:32.714+0100][gc,phases   ] GC(6)   Pre Evacuate Collection Set: 0.1ms
[2023-04-13T13:49:32.714+0100][gc,phases   ] GC(6)   Merge Heap Roots: 0.1ms
[2023-04-13T13:49:32.714+0100][gc,phases   ] GC(6)   Evacuate Collection Set: 2.7ms
[2023-04-13T13:49:32.714+0100][gc,phases   ] GC(6)   Post Evacuate Collection Set: 0.4ms
[2023-04-13T13:49:32.714+0100][gc,phases   ] GC(6)   Other: 0.1ms
[2023-04-13T13:49:32.715+0100][gc,heap     ] GC(6) Eden regions: 49->0(49)
[2023-04-13T13:49:32.715+0100][gc,heap     ] GC(6) Survivor regions: 2->2(7)
[2023-04-13T13:49:32.715+0100][gc,heap     ] GC(6) Old regions: 13->13
[2023-04-13T13:49:32.715+0100][gc,heap     ] GC(6) Archive regions: 2->2
[2023-04-13T13:49:32.715+0100][gc,heap     ] GC(6) Humongous regions: 129->129
[2023-04-13T13:49:32.715+0100][gc,metaspace] GC(6) Metaspace: 38251K(38784K)->38251K(38784K) NonClass: 33742K(34048K)->33742K(34048K) Class: 4509K(4736K)->4509K(4736K)
[2023-04-13T13:49:32.715+0100][gc          ] GC(6) Pause Young (Normal) (G1 Evacuation Pause) 192M->144M(1024M) 3.507ms
[2023-04-13T13:49:32.715+0100][gc,cpu      ] GC(6) User=0.02s Sys=0.00s Real=0.01s
[2023-04-13T13:59:39.937+0100][gc,start    ] GC(7) Pause Young (Normal) (G1 Evacuation Pause)
[2023-04-13T13:59:39.937+0100][gc,task     ] GC(7) Using 4 workers of 4 for evacuation
[2023-04-13T13:59:39.951+0100][gc,phases   ] GC(7)   Pre Evacuate Collection Set: 0.4ms
[2023-04-13T13:59:39.951+0100][gc,phases   ] GC(7)   Merge Heap Roots: 0.2ms
[2023-04-13T13:59:39.951+0100][gc,phases   ] GC(7)   Evacuate Collection Set: 11.4ms
[2023-04-13T13:59:39.951+0100][gc,phases   ] GC(7)   Post Evacuate Collection Set: 1.7ms
[2023-04-13T13:59:39.951+0100][gc,phases   ] GC(7)   Other: 0.3ms
[2023-04-13T13:59:39.951+0100][gc,heap     ] GC(7) Eden regions: 49->0(47)
[2023-04-13T13:59:39.951+0100][gc,heap     ] GC(7) Survivor regions: 2->4(7)
[2023-04-13T13:59:39.951+0100][gc,heap     ] GC(7) Old regions: 13->13
[2023-04-13T13:59:39.951+0100][gc,heap     ] GC(7) Archive regions: 2->2
[2023-04-13T13:59:39.951+0100][gc,heap     ] GC(7) Humongous regions: 129->129
[2023-04-13T13:59:39.951+0100][gc,metaspace] GC(7) Metaspace: 40268K(40768K)->40268K(40768K) NonClass: 35613K(35904K)->35613K(35904K) Class: 4655K(4864K)->4655K(4864K)
[2023-04-13T13:59:39.951+0100][gc          ] GC(7) Pause Young (Normal) (G1 Evacuation Pause) 193M->146M(1024M) 14.193ms
[2023-04-13T13:59:39.952+0100][gc,cpu      ] GC(7) User=0.04s Sys=0.00s Real=0.01s
[2023-04-13T14:14:47.737+0100][gc,start    ] GC(8) Pause Young (Normal) (G1 Evacuation Pause)
[2023-04-13T14:14:47.737+0100][gc,task     ] GC(8) Using 4 workers of 4 for evacuation
[2023-04-13T14:14:47.754+0100][gc,phases   ] GC(8)   Pre Evacuate Collection Set: 0.4ms
[2023-04-13T14:14:47.754+0100][gc,phases   ] GC(8)   Merge Heap Roots: 0.4ms
[2023-04-13T14:14:47.754+0100][gc,phases   ] GC(8)   Evacuate Collection Set: 14.4ms
[2023-04-13T14:14:47.754+0100][gc,phases   ] GC(8)   Post Evacuate Collection Set: 1.5ms
[2023-04-13T14:14:47.754+0100][gc,phases   ] GC(8)   Other: 0.3ms
[2023-04-13T14:14:47.754+0100][gc,heap     ] GC(8) Eden regions: 47->0(45)
[2023-04-13T14:14:47.754+0100][gc,heap     ] GC(8) Survivor regions: 4->6(7)
[2023-04-13T14:14:47.754+0100][gc,heap     ] GC(8) Old regions: 13->14
[2023-04-13T14:14:47.754+0100][gc,heap     ] GC(8) Archive regions: 2->2
[2023-04-13T14:14:47.754+0100][gc,heap     ] GC(8) Humongous regions: 129->129
[2023-04-13T14:14:47.754+0100][gc,metaspace] GC(8) Metaspace: 40297K(40768K)->40297K(40768K) NonClass: 35641K(35904K)->35641K(35904K) Class: 4655K(4864K)->4655K(4864K)
[2023-04-13T14:14:47.754+0100][gc          ] GC(8) Pause Young (Normal) (G1 Evacuation Pause) 193M->148M(1024M) 17.278ms
[2023-04-13T14:14:47.754+0100][gc,cpu      ] GC(8) User=0.05s Sys=0.00s Real=0.02s
[2023-04-13T14:29:45.871+0100][gc,start    ] GC(9) Pause Young (Normal) (G1 Evacuation Pause)
[2023-04-13T14:29:45.871+0100][gc,task     ] GC(9) Using 4 workers of 4 for evacuation
[2023-04-13T14:29:45.884+0100][gc,phases   ] GC(9)   Pre Evacuate Collection Set: 0.3ms
[2023-04-13T14:29:45.884+0100][gc,phases   ] GC(9)   Merge Heap Roots: 0.2ms
[2023-04-13T14:29:45.884+0100][gc,phases   ] GC(9)   Evacuate Collection Set: 11.5ms
[2023-04-13T14:29:45.884+0100][gc,phases   ] GC(9)   Post Evacuate Collection Set: 1.2ms
[2023-04-13T14:29:45.884+0100][gc,phases   ] GC(9)   Other: 0.3ms
[2023-04-13T14:29:45.884+0100][gc,heap     ] GC(9) Eden regions: 45->0(48)
[2023-04-13T14:29:45.884+0100][gc,heap     ] GC(9) Survivor regions: 6->3(7)
[2023-04-13T14:29:45.884+0100][gc,heap     ] GC(9) Old regions: 14->16
[2023-04-13T14:29:45.884+0100][gc,heap     ] GC(9) Archive regions: 2->2
[2023-04-13T14:29:45.884+0100][gc,heap     ] GC(9) Humongous regions: 129->129
[2023-04-13T14:29:45.884+0100][gc,metaspace] GC(9) Metaspace: 40315K(40768K)->40315K(40768K) NonClass: 35659K(35904K)->35659K(35904K) Class: 4655K(4864K)->4655K(4864K)
[2023-04-13T14:29:45.884+0100][gc          ] GC(9) Pause Young (Normal) (G1 Evacuation Pause) 193M->147M(1024M) 13.811ms
[2023-04-13T14:29:45.884+0100][gc,cpu      ] GC(9) User=0.04s Sys=0.00s Real=0.02s
[2023-04-13T14:46:18.823+0100][gc,start    ] GC(10) Pause Young (Normal) (G1 Evacuation Pause)
[2023-04-13T14:46:18.823+0100][gc,task     ] GC(10) Using 4 workers of 4 for evacuation
[2023-04-13T14:46:18.831+0100][gc,phases   ] GC(10)   Pre Evacuate Collection Set: 0.4ms
[2023-04-13T14:46:18.831+0100][gc,phases   ] GC(10)   Merge Heap Roots: 0.1ms
[2023-04-13T14:46:18.831+0100][gc,phases   ] GC(10)   Evacuate Collection Set: 6.4ms
[2023-04-13T14:46:18.831+0100][gc,phases   ] GC(10)   Post Evacuate Collection Set: 0.9ms
[2023-04-13T14:46:18.831+0100][gc,phases   ] GC(10)   Other: 0.3ms
[2023-04-13T14:46:18.831+0100][gc,heap     ] GC(10) Eden regions: 48->0(48)
[2023-04-13T14:46:18.831+0100][gc,heap     ] GC(10) Survivor regions: 3->3(7)
[2023-04-13T14:46:18.831+0100][gc,heap     ] GC(10) Old regions: 16->16
[2023-04-13T14:46:18.831+0100][gc,heap     ] GC(10) Archive regions: 2->2
[2023-04-13T14:46:18.831+0100][gc,heap     ] GC(10) Humongous regions: 129->129
[2023-04-13T14:46:18.831+0100][gc,metaspace] GC(10) Metaspace: 40319K(40768K)->40319K(40768K) NonClass: 35664K(35904K)->35664K(35904K) Class: 4655K(4864K)->4655K(4864K)
[2023-04-13T14:46:18.831+0100][gc          ] GC(10) Pause Young (Normal) (G1 Evacuation Pause) 195M->147M(1024M) 8.305ms
[2023-04-13T14:46:18.831+0100][gc,cpu      ] GC(10) User=0.02s Sys=0.00s Real=0.00s
[2023-04-13T15:02:15.870+0100][gc,start    ] GC(11) Pause Young (Normal) (G1 Evacuation Pause)
[2023-04-13T15:02:15.870+0100][gc,task     ] GC(11) Using 4 workers of 4 for evacuation
[2023-04-13T15:02:15.878+0100][gc,phases   ] GC(11)   Pre Evacuate Collection Set: 0.4ms
[2023-04-13T15:02:15.878+0100][gc,phases   ] GC(11)   Merge Heap Roots: 0.2ms
[2023-04-13T15:02:15.878+0100][gc,phases   ] GC(11)   Evacuate Collection Set: 5.6ms
[2023-04-13T15:02:15.878+0100][gc,phases   ] GC(11)   Post Evacuate Collection Set: 0.8ms
[2023-04-13T15:02:15.878+0100][gc,phases   ] GC(11)   Other: 0.3ms
[2023-04-13T15:02:15.878+0100][gc,heap     ] GC(11) Eden regions: 48->0(52)
[2023-04-13T15:02:15.878+0100][gc,heap     ] GC(11) Survivor regions: 3->3(7)
[2023-04-13T15:02:15.878+0100][gc,heap     ] GC(11) Old regions: 16->16
[2023-04-13T15:02:15.878+0100][gc,heap     ] GC(11) Archive regions: 2->2
[2023-04-13T15:02:15.878+0100][gc,heap     ] GC(11) Humongous regions: 129->129
[2023-04-13T15:02:15.878+0100][gc,metaspace] GC(11) Metaspace: 40338K(40832K)->40338K(40832K) NonClass: 35682K(35968K)->35682K(35968K) Class: 4655K(4864K)->4655K(4864K)
[2023-04-13T15:02:15.878+0100][gc          ] GC(11) Pause Young (Normal) (G1 Evacuation Pause) 195M->147M(1024M) 7.487ms
[2023-04-13T15:02:15.878+0100][gc,cpu      ] GC(11) User=0.02s Sys=0.00s Real=0.01s
[2023-04-13T16:16:30.145+0100][gc,start    ] GC(12) Pause Young (Normal) (G1 Evacuation Pause)
[2023-04-13T16:16:30.145+0100][gc,task     ] GC(12) Using 4 workers of 4 for evacuation
[2023-04-13T16:16:30.153+0100][gc,phases   ] GC(12)   Pre Evacuate Collection Set: 0.2ms
[2023-04-13T16:16:30.153+0100][gc,phases   ] GC(12)   Merge Heap Roots: 0.1ms
[2023-04-13T16:16:30.153+0100][gc,phases   ] GC(12)   Evacuate Collection Set: 6.9ms
[2023-04-13T16:16:30.153+0100][gc,phases   ] GC(12)   Post Evacuate Collection Set: 0.8ms
[2023-04-13T16:16:30.153+0100][gc,phases   ] GC(12)   Other: 0.3ms
[2023-04-13T16:16:30.153+0100][gc,heap     ] GC(12) Eden regions: 52->0(265)
[2023-04-13T16:16:30.153+0100][gc,heap     ] GC(12) Survivor regions: 3->3(7)
[2023-04-13T16:16:30.153+0100][gc,heap     ] GC(12) Old regions: 16->16
[2023-04-13T16:16:30.153+0100][gc,heap     ] GC(12) Archive regions: 2->2
[2023-04-13T16:16:30.153+0100][gc,heap     ] GC(12) Humongous regions: 129->129
[2023-04-13T16:16:30.153+0100][gc,metaspace] GC(12) Metaspace: 40395K(40896K)->40395K(40896K) NonClass: 35735K(36032K)->35735K(36032K) Class: 4660K(4864K)->4660K(4864K)
[2023-04-13T16:16:30.153+0100][gc          ] GC(12) Pause Young (Normal) (G1 Evacuation Pause) 199M->147M(1024M) 8.624ms
[2023-04-13T16:16:30.153+0100][gc,cpu      ] GC(12) User=0.02s Sys=0.01s Real=0.01s
[2023-04-14T23:23:40.989+0100][gc,start    ] GC(13) Pause Young (Normal) (G1 Evacuation Pause)
[2023-04-14T23:23:40.989+0100][gc,task     ] GC(13) Using 4 workers of 4 for evacuation
[2023-04-14T23:23:41.001+0100][gc,phases   ] GC(13)   Pre Evacuate Collection Set: 0.3ms
[2023-04-14T23:23:41.001+0100][gc,phases   ] GC(13)   Merge Heap Roots: 0.2ms
[2023-04-14T23:23:41.001+0100][gc,phases   ] GC(13)   Evacuate Collection Set: 9.0ms
[2023-04-14T23:23:41.001+0100][gc,phases   ] GC(13)   Post Evacuate Collection Set: 1.9ms
[2023-04-14T23:23:41.001+0100][gc,phases   ] GC(13)   Other: 0.5ms
[2023-04-14T23:23:41.001+0100][gc,heap     ] GC(13) Eden regions: 265->0(296)
[2023-04-14T23:23:41.001+0100][gc,heap     ] GC(13) Survivor regions: 3->4(34)
[2023-04-14T23:23:41.001+0100][gc,heap     ] GC(13) Old regions: 16->16
[2023-04-14T23:23:41.001+0100][gc,heap     ] GC(13) Archive regions: 2->2
[2023-04-14T23:23:41.001+0100][gc,heap     ] GC(13) Humongous regions: 129->129
[2023-04-14T23:23:41.001+0100][gc,metaspace] GC(13) Metaspace: 40432K(40896K)->40432K(40896K) NonClass: 35772K(36032K)->35772K(36032K) Class: 4660K(4864K)->4660K(4864K)
[2023-04-14T23:23:41.001+0100][gc          ] GC(13) Pause Young (Normal) (G1 Evacuation Pause) 412M->148M(1024M) 12.194ms
[2023-04-14T23:23:41.001+0100][gc,cpu      ] GC(13) User=0.04s Sys=0.01s Real=0.01s
[2023-04-15T20:09:19.066+0100][gc,start    ] GC(14) Pause Young (Normal) (G1 Evacuation Pause)
[2023-04-15T20:09:19.066+0100][gc,task     ] GC(14) Using 4 workers of 4 for evacuation
[2023-04-15T20:09:19.073+0100][gc,phases   ] GC(14)   Pre Evacuate Collection Set: 0.3ms
[2023-04-15T20:09:19.073+0100][gc,phases   ] GC(14)   Merge Heap Roots: 0.2ms
[2023-04-15T20:09:19.073+0100][gc,phases   ] GC(14)   Evacuate Collection Set: 5.1ms
[2023-04-15T20:09:19.073+0100][gc,phases   ] GC(14)   Post Evacuate Collection Set: 1.0ms
[2023-04-15T20:09:19.073+0100][gc,phases   ] GC(14)   Other: 0.3ms
[2023-04-15T20:09:19.073+0100][gc,heap     ] GC(14) Eden regions: 296->0(612)
[2023-04-15T20:09:19.073+0100][gc,heap     ] GC(14) Survivor regions: 4->2(38)
[2023-04-15T20:09:19.073+0100][gc,heap     ] GC(14) Old regions: 16->16
[2023-04-15T20:09:19.073+0100][gc,heap     ] GC(14) Archive regions: 2->2
[2023-04-15T20:09:19.073+0100][gc,heap     ] GC(14) Humongous regions: 129->129
[2023-04-15T20:09:19.073+0100][gc,metaspace] GC(14) Metaspace: 40481K(40896K)->40481K(40896K) NonClass: 35820K(36032K)->35820K(36032K) Class: 4660K(4864K)->4660K(4864K)
[2023-04-15T20:09:19.073+0100][gc          ] GC(14) Pause Young (Normal) (G1 Evacuation Pause) 444M->146M(1024M) 7.220ms
[2023-04-15T20:09:19.073+0100][gc,cpu      ] GC(14) User=0.03s Sys=0.00s Real=0.01s
[2023-04-18T16:14:55.694+0100][gc,heap,exit] Heap
[2023-04-18T16:14:55.694+0100][gc,heap,exit]  garbage-first heap   total 1048576K, used 528838K [0x00000000c0000000, 0x0000000100000000)
[2023-04-18T16:14:55.694+0100][gc,heap,exit]   region size 1024K, 372 young (380928K), 2 survivors (2048K)
[2023-04-18T16:14:55.694+0100][gc,heap,exit]  Metaspace       used 41166K, committed 41664K, reserved 1089536K
[2023-04-18T16:14:55.694+0100][gc,heap,exit]   class space    used 4817K, committed 5056K, reserved 1048576K
