[2023-04-12T16:20:09.987+0100][gc] Using G1
[2023-04-12T16:20:09.993+0100][gc,init] Version: 17.0.6+10-Debian-1 (release)
[2023-04-12T16:20:09.993+0100][gc,init] CPUs: 4 total, 4 available
[2023-04-12T16:20:09.993+0100][gc,init] Memory: 7718M
[2023-04-12T16:20:09.993+0100][gc,init] Large Page Support: Disabled
[2023-04-12T16:20:09.993+0100][gc,init] NUMA Support: Disabled
[2023-04-12T16:20:09.993+0100][gc,init] Compressed Oops: Enabled (32-bit)
[2023-04-12T16:20:09.993+0100][gc,init] Heap Region Size: 1M
[2023-04-12T16:20:09.993+0100][gc,init] Heap Min Capacity: 512M
[2023-04-12T16:20:09.993+0100][gc,init] Heap Initial Capacity: 512M
[2023-04-12T16:20:09.993+0100][gc,init] Heap Max Capacity: 512M
[2023-04-12T16:20:09.993+0100][gc,init] Pre-touch: Disabled
[2023-04-12T16:20:09.993+0100][gc,init] Parallel Workers: 4
[2023-04-12T16:20:09.993+0100][gc,init] Concurrent Workers: 1
[2023-04-12T16:20:09.993+0100][gc,init] Concurrent Refinement Workers: 4
[2023-04-12T16:20:09.993+0100][gc,init] Periodic GC: Disabled
[2023-04-12T16:20:09.993+0100][gc,metaspace] CDS archive(s) mapped at: [0x0000000800000000-0x0000000800be3000-0x0000000800be3000), size 12464128, SharedBaseAddress: 0x0000000800000000, ArchiveRelocationMode: 0.
[2023-04-12T16:20:09.993+0100][gc,metaspace] Compressed class space mapped at: 0x0000000800c00000-0x0000000840c00000, reserved size: 1073741824
[2023-04-12T16:20:09.993+0100][gc,metaspace] Narrow klass base: 0x0000000800000000, Narrow klass shift: 0, Narrow klass range: 0x100000000
[2023-04-12T16:21:05.890+0100][gc,start    ] GC(0) Pause Young (Normal) (G1 Evacuation Pause)
[2023-04-12T16:21:05.891+0100][gc,task     ] GC(0) Using 4 workers of 4 for evacuation
[2023-04-12T16:21:05.896+0100][gc,phases   ] GC(0)   Pre Evacuate Collection Set: 0.1ms
[2023-04-12T16:21:05.896+0100][gc,phases   ] GC(0)   Merge Heap Roots: 0.0ms
[2023-04-12T16:21:05.896+0100][gc,phases   ] GC(0)   Evacuate Collection Set: 4.7ms
[2023-04-12T16:21:05.896+0100][gc,phases   ] GC(0)   Post Evacuate Collection Set: 0.4ms
[2023-04-12T16:21:05.896+0100][gc,phases   ] GC(0)   Other: 0.5ms
[2023-04-12T16:21:05.896+0100][gc,heap     ] GC(0) Eden regions: 25->0(21)
[2023-04-12T16:21:05.896+0100][gc,heap     ] GC(0) Survivor regions: 0->4(4)
[2023-04-12T16:21:05.896+0100][gc,heap     ] GC(0) Old regions: 0->4
[2023-04-12T16:21:05.896+0100][gc,heap     ] GC(0) Archive regions: 2->2
[2023-04-12T16:21:05.896+0100][gc,heap     ] GC(0) Humongous regions: 0->0
[2023-04-12T16:21:05.896+0100][gc,metaspace] GC(0) Metaspace: 8054K(8192K)->8054K(8192K) NonClass: 7153K(7232K)->7153K(7232K) Class: 900K(960K)->900K(960K)
[2023-04-12T16:21:05.896+0100][gc          ] GC(0) Pause Young (Normal) (G1 Evacuation Pause) 25M->8M(512M) 6.027ms
[2023-04-12T16:21:05.896+0100][gc,cpu      ] GC(0) User=0.01s Sys=0.00s Real=0.00s
